OneLogger: Setting error_handling_strategy to DISABLE_QUIETLY_AND_REPORT_METRIC_ERROR for rank (rank=0) with OneLogger disabled. To override: explicitly set error_handling_strategy parameter.
No exporters were provided. This means that no telemetry data will be collected.
[NeMo I 2026-08-15 13:47:32 mixins:194] Tokenizer SentencePieceTokenizer initialized with 1024 tokens
[NeMo W 2026-08-15 13:47:32 modelPT:175] If you intend to do training or fine-tuning, please call the ModelPT.setup_training_data() method and provide a valid configuration file to setup the train data loader.
    Train config : 
    manifest_filepath: ./quran_asr/data/train_manifest.jsonl
    sample_rate: 16000
    batch_size: 6
    shuffle: true
    num_workers: 4
    pin_memory: true
    max_duration: 30.0
    min_duration: 0.5
    shuffle_n: 2048
    bucketing_strategy: fully_randomized
    bucketing_batch_size: null
    
[NeMo W 2026-08-15 13:47:32 modelPT:182] If you intend to do validation, please call the ModelPT.setup_validation_data() or ModelPT.setup_multiple_validation_data() method and provide a valid configuration file to setup the validation data loader(s). 
    Validation config : 
    manifest_filepath: ./quran_asr/data/val_manifest.jsonl
    sample_rate: 16000
    batch_size: 6
    shuffle: false
    use_start_end_token: false
    num_workers: 4
    pin_memory: true
    
[NeMo W 2026-08-15 13:47:32 modelPT:189] Please call the ModelPT.setup_test_data() or ModelPT.setup_multiple_test_data() method and provide a valid configuration file to setup the test data loader(s).
    Test config : 
    manifest_filepath: ./quran_asr/data/val_manifest.jsonl
    sample_rate: 16000
    batch_size: 16
    shuffle: false
    use_start_end_token: false
    num_workers: 8
    pin_memory: true
    
[NeMo W 2026-08-15 13:47:32 nemo_logging:364] /Users/luxbug/Work/tarteel/.venv/lib/python3.12/site-packages/torch/nn/modules/rnn.py:1011: UserWarning: dropout option adds dropout after all but last recurrent layer, so non-zero dropout expects num_layers greater than 1, but got dropout=0.2 and num_layers=1
      super().__init__("LSTM", *args, **kwargs)
    
[NeMo I 2026-08-15 13:47:32 rnnt_models:226] Using RNNT Loss : warprnnt_numba
    Loss warprnnt_numba_kwargs: {'fastemit_lambda': 0.0, 'clamp': -1.0}
[NeMo I 2026-08-15 13:47:32 rnnt_models:226] Using RNNT Loss : warprnnt_numba
    Loss warprnnt_numba_kwargs: {'fastemit_lambda': 0.0, 'clamp': -1.0}
[NeMo W 2026-08-15 13:47:33 label_looping_base:143] No conditional node support for Cuda.
    Cuda graphs with while loops are disabled, decoding speed will be slower
    Reason: CUDA is not available
[NeMo I 2026-08-15 13:47:33 rnnt_models:226] Using RNNT Loss : warprnnt_numba
    Loss warprnnt_numba_kwargs: {'fastemit_lambda': 0.0, 'clamp': -1.0}
[NeMo W 2026-08-15 13:47:33 label_looping_base:143] No conditional node support for Cuda.
    Cuda graphs with while loops are disabled, decoding speed will be slower
    Reason: CUDA is not available
[NeMo I 2026-08-15 13:47:33 save_restore_connector:287] Model EncDecHybridRNNTCTCBPEModel was successfully restored from /Users/luxbug/.cache/huggingface/hub/models--mohammed--fastconformer-quran-ar/snapshots/60973918b40c5fcdc0e93310c13a4a4661525142/phase3_full/phase3_full_wer0.0014.nemo.
Saved to tokens.txt
[NeMo I 2026-08-15 13:47:33 hybrid_rnnt_ctc_bpe_models:440] No `decoding_cfg` passed when changing decoding strategy, using internal config
[NeMo I 2026-08-15 13:47:33 rnnt_models:226] Using RNNT Loss : warprnnt_numba
    Loss warprnnt_numba_kwargs: {'fastemit_lambda': 0.0, 'clamp': -1.0}
[NeMo W 2026-08-15 13:47:33 label_looping_base:143] No conditional node support for Cuda.
    Cuda graphs with while loops are disabled, decoding speed will be slower
    Reason: CUDA is not available
[NeMo I 2026-08-15 13:47:33 hybrid_rnnt_ctc_bpe_models:479] Changed decoding strategy of the RNNT decoder to 
    model_type: rnnt
    strategy: greedy_batch
    compute_hypothesis_token_set: false
    preserve_alignments: null
    tdt_include_token_duration: null
    confidence_cfg:
      preserve_frame_confidence: false
      preserve_token_confidence: false
      preserve_word_confidence: false
      exclude_blank: true
      aggregation: min
      tdt_include_duration: false
      method_cfg:
        name: entropy
        entropy_type: tsallis
        alpha: 0.33
        entropy_norm: exp
        temperature: DEPRECATED
    fused_batch_size: null
    compute_timestamps: null
    compute_langs: false
    word_seperator: ' '
    segment_seperators:
    - .
    - '!'
    - '?'
    segment_gap_threshold: null
    rnnt_timestamp_type: all
    greedy:
      max_symbols_per_step: 10
      preserve_alignments: false
      preserve_frame_confidence: false
      tdt_include_token_duration: false
      tdt_include_duration_confidence: false
      confidence_method_cfg:
        name: entropy
        entropy_type: tsallis
        alpha: 0.33
        entropy_norm: exp
        temperature: DEPRECATED
      loop_labels: true
      use_cuda_graph_decoder: true
      ngram_lm_model: null
      ngram_lm_alpha: 0.0
      boosting_tree:
        model_path: null
        key_phrases_file: null
        key_phrases_list: null
        key_phrase_items_list: null
        context_score: 1.0
        depth_scaling: 2.0
        unk_score: 0.0
        final_eos_score: 1.0
        score_per_phrase: 0.0
        source_lang: en
        use_triton: true
        uniform_weights: false
        use_bpe_dropout: false
        num_of_transcriptions: 5
        bpe_alpha: 0.3
      boosting_tree_alpha: 0.0
      enable_per_stream_biasing: false
      max_symbols: 10
    beam:
      beam_size: 2
      search_type: default
      score_norm: true
      return_best_hypothesis: false
      tsd_max_sym_exp_per_step: 50
      alsd_max_target_len: 2.0
      nsc_max_timesteps_expansion: 1
      nsc_prefix_alpha: 1
      maes_num_steps: 2
      maes_prefix_alpha: 1
      maes_expansion_gamma: 2.3
      maes_expansion_beta: 2
      language_model: null
      softmax_temperature: 1.0
      preserve_alignments: false
      ngram_lm_model: null
      ngram_lm_alpha: 0.0
      boosting_tree:
        model_path: null
        key_phrases_file: null
        key_phrases_list: null
        key_phrase_items_list: null
        context_score: 1.0
        depth_scaling: 2.0
        unk_score: 0.0
        final_eos_score: 1.0
        score_per_phrase: 0.0
        source_lang: en
        use_triton: true
        uniform_weights: false
        use_bpe_dropout: false
        num_of_transcriptions: 5
        bpe_alpha: 0.3
      boosting_tree_alpha: 0.0
      hat_subtract_ilm: false
      hat_ilm_weight: 0.0
      max_symbols_per_step: 10
      blank_lm_score_mode: LM_WEIGHTED_FULL
      pruning_mode: LATE
      allow_cuda_graphs: true
      tsd_max_sym_exp: 50
    temperature: 1.0
    durations: []
    big_blank_durations: []
    strip_lang_tags: false
    lang_tag_pattern: null
    
[NeMo I 2026-08-15 13:47:33 hybrid_rnnt_ctc_bpe_models:440] No `decoding_cfg` passed when changing decoding strategy, using internal config
[NeMo I 2026-08-15 13:47:33 rnnt_models:226] Using RNNT Loss : warprnnt_numba
    Loss warprnnt_numba_kwargs: {'fastemit_lambda': 0.0, 'clamp': -1.0}
[NeMo W 2026-08-15 13:47:33 label_looping_base:143] No conditional node support for Cuda.
    Cuda graphs with while loops are disabled, decoding speed will be slower
    Reason: CUDA is not available
[NeMo I 2026-08-15 13:47:33 hybrid_rnnt_ctc_bpe_models:479] Changed decoding strategy of the RNNT decoder to 
    model_type: rnnt
    strategy: greedy_batch
    compute_hypothesis_token_set: false
    preserve_alignments: null
    tdt_include_token_duration: null
    confidence_cfg:
      preserve_frame_confidence: false
      preserve_token_confidence: false
      preserve_word_confidence: false
      exclude_blank: true
      aggregation: min
      tdt_include_duration: false
      method_cfg:
        name: entropy
        entropy_type: tsallis
        alpha: 0.33
        entropy_norm: exp
        temperature: DEPRECATED
    fused_batch_size: null
    compute_timestamps: null
    compute_langs: false
    word_seperator: ' '
    segment_seperators:
    - .
    - '!'
    - '?'
    segment_gap_threshold: null
    rnnt_timestamp_type: all
    greedy:
      max_symbols_per_step: 10
      preserve_alignments: false
      preserve_frame_confidence: false
      tdt_include_token_duration: false
      tdt_include_duration_confidence: false
      confidence_method_cfg:
        name: entropy
        entropy_type: tsallis
        alpha: 0.33
        entropy_norm: exp
        temperature: DEPRECATED
      loop_labels: true
      use_cuda_graph_decoder: true
      ngram_lm_model: null
      ngram_lm_alpha: 0.0
      boosting_tree:
        model_path: null
        key_phrases_file: null
        key_phrases_list: null
        key_phrase_items_list: null
        context_score: 1.0
        depth_scaling: 2.0
        unk_score: 0.0
        final_eos_score: 1.0
        score_per_phrase: 0.0
        source_lang: en
        use_triton: true
        uniform_weights: false
        use_bpe_dropout: false
        num_of_transcriptions: 5
        bpe_alpha: 0.3
      boosting_tree_alpha: 0.0
      enable_per_stream_biasing: false
      max_symbols: 10
    beam:
      beam_size: 2
      search_type: default
      score_norm: true
      return_best_hypothesis: false
      tsd_max_sym_exp_per_step: 50
      alsd_max_target_len: 2.0
      nsc_max_timesteps_expansion: 1
      nsc_prefix_alpha: 1
      maes_num_steps: 2
      maes_prefix_alpha: 1
      maes_expansion_gamma: 2.3
      maes_expansion_beta: 2
      language_model: null
      softmax_temperature: 1.0
      preserve_alignments: false
      ngram_lm_model: null
      ngram_lm_alpha: 0.0
      boosting_tree:
        model_path: null
        key_phrases_file: null
        key_phrases_list: null
        key_phrase_items_list: null
        context_score: 1.0
        depth_scaling: 2.0
        unk_score: 0.0
        final_eos_score: 1.0
        score_per_phrase: 0.0
        source_lang: en
        use_triton: true
        uniform_weights: false
        use_bpe_dropout: false
        num_of_transcriptions: 5
        bpe_alpha: 0.3
      boosting_tree_alpha: 0.0
      hat_subtract_ilm: false
      hat_ilm_weight: 0.0
      max_symbols_per_step: 10
      blank_lm_score_mode: LM_WEIGHTED_FULL
      pruning_mode: LATE
      allow_cuda_graphs: true
      tsd_max_sym_exp: 50
    temperature: 1.0
    durations: []
    big_blank_durations: []
    strip_lang_tags: false
    lang_tag_pattern: null
    
[NeMo W 2026-08-15 13:47:33 nemo_logging:364] /Users/luxbug/Work/tarteel/.venv/lib/python3.12/site-packages/torch/onnx/_internal/torchscript_exporter/utils.py:1508: UserWarning: No names were found for specified dynamic axes of provided input.Automatically generated names will be applied to each dynamic axes of input audio_signal
      _validate_dynamic_axes(dynamic_axes, model, input_names, output_names)
    
[NeMo W 2026-08-15 13:47:33 nemo_logging:364] /Users/luxbug/Work/tarteel/.venv/lib/python3.12/site-packages/torch/onnx/_internal/torchscript_exporter/utils.py:1508: UserWarning: No names were found for specified dynamic axes of provided input.Automatically generated names will be applied to each dynamic axes of input length
      _validate_dynamic_axes(dynamic_axes, model, input_names, output_names)
    
[NeMo W 2026-08-15 13:47:34 nemo_logging:364] /Users/luxbug/Work/tarteel/.venv/lib/python3.12/site-packages/torch/onnx/_internal/torchscript_exporter/jit_utils.py:308: UserWarning: Constant folding - Only steps=1 can be constant folded for opset >= 10 onnx::Slice op. Constant folding not applied. (Triggered internally at /Users/runner/work/pytorch/pytorch/torch/csrc/jit/passes/onnx/constant_fold.cpp:180.)
      _C._jit_pass_onnx_node_shape_type_inference(node, params_dict, opset_version)
    
[NeMo W 2026-08-15 13:47:34 nemo_logging:364] /Users/luxbug/Work/tarteel/.venv/lib/python3.12/site-packages/torch/onnx/_internal/torchscript_exporter/utils.py:709: UserWarning: Constant folding - Only steps=1 can be constant folded for opset >= 10 onnx::Slice op. Constant folding not applied. (Triggered internally at /Users/runner/work/pytorch/pytorch/torch/csrc/jit/passes/onnx/constant_fold.cpp:180.)
      _C._jit_pass_onnx_graph_shape_type_inference(
    
[NeMo W 2026-08-15 13:47:34 nemo_logging:364] /Users/luxbug/Work/tarteel/.venv/lib/python3.12/site-packages/torch/onnx/_internal/torchscript_exporter/utils.py:1182: UserWarning: Constant folding - Only steps=1 can be constant folded for opset >= 10 onnx::Slice op. Constant folding not applied. (Triggered internally at /Users/runner/work/pytorch/pytorch/torch/csrc/jit/passes/onnx/constant_fold.cpp:180.)
      _C._jit_pass_onnx_graph_shape_type_inference(
    
[NeMo I 2026-08-15 13:47:35 exportable:135] Successfully exported ConformerEncoder to encoder.onnx
[NeMo W 2026-08-15 13:47:35 nemo_logging:364] /Users/luxbug/Work/tarteel/.venv/lib/python3.12/site-packages/torch/onnx/_internal/torchscript_exporter/utils.py:1508: UserWarning: No names were found for specified dynamic axes of provided input.Automatically generated names will be applied to each dynamic axes of input targets
      _validate_dynamic_axes(dynamic_axes, model, input_names, output_names)
    
[NeMo W 2026-08-15 13:47:35 nemo_logging:364] /Users/luxbug/Work/tarteel/.venv/lib/python3.12/site-packages/torch/onnx/_internal/torchscript_exporter/utils.py:1508: UserWarning: No names were found for specified dynamic axes of provided input.Automatically generated names will be applied to each dynamic axes of input target_length
      _validate_dynamic_axes(dynamic_axes, model, input_names, output_names)
    
[NeMo W 2026-08-15 13:47:35 nemo_logging:364] /Users/luxbug/Work/tarteel/.venv/lib/python3.12/site-packages/torch/onnx/_internal/torchscript_exporter/utils.py:1508: UserWarning: No names were found for specified dynamic axes of provided input.Automatically generated names will be applied to each dynamic axes of input states
      _validate_dynamic_axes(dynamic_axes, model, input_names, output_names)
    
[NeMo W 2026-08-15 13:47:35 nemo_logging:364] /Users/luxbug/Work/tarteel/.venv/lib/python3.12/site-packages/torch/onnx/_internal/torchscript_exporter/symbolic_opset9.py:4462: UserWarning: Exporting a model to ONNX with a batch_size other than 1, with a variable length with LSTM can cause an error when running the ONNX model with a different batch size. Make sure to save the model with a batch size of 1, or define the initial states (h0/c0) as inputs of the model. 
      return _generic_rnn(
    
[NeMo I 2026-08-15 13:47:35 exportable:135] Successfully exported RNNTDecoder to decoder.onnx
[NeMo W 2026-08-15 13:47:35 nemo_logging:364] /Users/luxbug/Work/tarteel/.venv/lib/python3.12/site-packages/torch/onnx/_internal/torchscript_exporter/utils.py:1508: UserWarning: No names were found for specified dynamic axes of provided input.Automatically generated names will be applied to each dynamic axes of input encoder_outputs
      _validate_dynamic_axes(dynamic_axes, model, input_names, output_names)
    
[NeMo W 2026-08-15 13:47:35 nemo_logging:364] /Users/luxbug/Work/tarteel/.venv/lib/python3.12/site-packages/torch/onnx/_internal/torchscript_exporter/utils.py:1508: UserWarning: No names were found for specified dynamic axes of provided input.Automatically generated names will be applied to each dynamic axes of input decoder_outputs
      _validate_dynamic_axes(dynamic_axes, model, input_names, output_names)
    
[NeMo I 2026-08-15 13:47:35 exportable:135] Successfully exported RNNTJoint to joiner.onnx
WARNING:root:Please consider to run pre-processing before quantization. Refer to example: https://github.com/microsoft/onnxruntime-inference-examples/blob/main/quantization/image_classification/cpu/ReadMe.md 
WARNING:root:Inference failed or unsupported type to quantize for tensor '/Tile_output_0', type is tensor_type {
  elem_type: 9
}
.
WARNING:root:Inference failed or unsupported type to quantize for tensor '/layers.0/self_attn/Slice_output_0', type is tensor_type {
  elem_type: 7
  shape {
    dim {
      dim_value: 4
    }
    dim {
      dim_value: 2
    }
  }
}
.
WARNING:root:Inference failed or unsupported type to quantize for tensor '/layers.0/conv/depthwise_conv/Slice_output_0', type is tensor_type {
  elem_type: 7
  shape {
    dim {
      dim_value: 3
    }
    dim {
      dim_value: 2
    }
  }
}
.
WARNING:root:Inference failed or unsupported type to quantize for tensor '/layers.1/self_attn/Slice_output_0', type is tensor_type {
  elem_type: 7
  shape {
    dim {
      dim_value: 4
    }
    dim {
      dim_value: 2
    }
  }
}
.
WARNING:root:Inference failed or unsupported type to quantize for tensor '/layers.1/conv/depthwise_conv/Slice_output_0', type is tensor_type {
  elem_type: 7
  shape {
    dim {
      dim_value: 3
    }
    dim {
      dim_value: 2
    }
  }
}
.
WARNING:root:Inference failed or unsupported type to quantize for tensor '/layers.2/self_attn/Slice_output_0', type is tensor_type {
  elem_type: 7
  shape {
    dim {
      dim_value: 4
    }
    dim {
      dim_value: 2
    }
  }
}
.
WARNING:root:Inference failed or unsupported type to quantize for tensor '/layers.2/conv/depthwise_conv/Slice_output_0', type is tensor_type {
  elem_type: 7
  shape {
    dim {
      dim_value: 3
    }
    dim {
      dim_value: 2
    }
  }
}
.
WARNING:root:Inference failed or unsupported type to quantize for tensor '/layers.3/self_attn/Slice_output_0', type is tensor_type {
  elem_type: 7
  shape {
    dim {
      dim_value: 4
    }
    dim {
      dim_value: 2
    }
  }
}
.
WARNING:root:Inference failed or unsupported type to quantize for tensor '/layers.3/conv/depthwise_conv/Slice_output_0', type is tensor_type {
  elem_type: 7
  shape {
    dim {
      dim_value: 3
    }
    dim {
      dim_value: 2
    }
  }
}
.
WARNING:root:Inference failed or unsupported type to quantize for tensor '/layers.4/self_attn/Slice_output_0', type is tensor_type {
  elem_type: 7
  shape {
    dim {
      dim_value: 4
    }
    dim {
      dim_value: 2
    }
  }
}
.
WARNING:root:Inference failed or unsupported type to quantize for tensor '/layers.4/conv/depthwise_conv/Slice_output_0', type is tensor_type {
  elem_type: 7
  shape {
    dim {
      dim_value: 3
    }
    dim {
      dim_value: 2
    }
  }
}
.
WARNING:root:Inference failed or unsupported type to quantize for tensor '/layers.5/self_attn/Slice_output_0', type is tensor_type {
  elem_type: 7
  shape {
    dim {
      dim_value: 4
    }
    dim {
      dim_value: 2
    }
  }
}
.
WARNING:root:Inference failed or unsupported type to quantize for tensor '/layers.5/conv/depthwise_conv/Slice_output_0', type is tensor_type {
  elem_type: 7
  shape {
    dim {
      dim_value: 3
    }
    dim {
      dim_value: 2
    }
  }
}
.
WARNING:root:Inference failed or unsupported type to quantize for tensor '/layers.6/self_attn/Slice_output_0', type is tensor_type {
  elem_type: 7
  shape {
    dim {
      dim_value: 4
    }
    dim {
      dim_value: 2
    }
  }
}
.
WARNING:root:Inference failed or unsupported type to quantize for tensor '/layers.6/conv/depthwise_conv/Slice_output_0', type is tensor_type {
  elem_type: 7
  shape {
    dim {
      dim_value: 3
    }
    dim {
      dim_value: 2
    }
  }
}
.
WARNING:root:Inference failed or unsupported type to quantize for tensor '/layers.7/self_attn/Slice_output_0', type is tensor_type {
  elem_type: 7
  shape {
    dim {
      dim_value: 4
    }
    dim {
      dim_value: 2
    }
  }
}
.
WARNING:root:Inference failed or unsupported type to quantize for tensor '/layers.7/conv/depthwise_conv/Slice_output_0', type is tensor_type {
  elem_type: 7
  shape {
    dim {
      dim_value: 3
    }
    dim {
      dim_value: 2
    }
  }
}
.
WARNING:root:Inference failed or unsupported type to quantize for tensor '/layers.8/self_attn/Slice_output_0', type is tensor_type {
  elem_type: 7
  shape {
    dim {
      dim_value: 4
    }
    dim {
      dim_value: 2
    }
  }
}
.
WARNING:root:Inference failed or unsupported type to quantize for tensor '/layers.8/conv/depthwise_conv/Slice_output_0', type is tensor_type {
  elem_type: 7
  shape {
    dim {
      dim_value: 3
    }
    dim {
      dim_value: 2
    }
  }
}
.
WARNING:root:Inference failed or unsupported type to quantize for tensor '/layers.9/self_attn/Slice_output_0', type is tensor_type {
  elem_type: 7
  shape {
    dim {
      dim_value: 4
    }
    dim {
      dim_value: 2
    }
  }
}
.
WARNING:root:Inference failed or unsupported type to quantize for tensor '/layers.9/conv/depthwise_conv/Slice_output_0', type is tensor_type {
  elem_type: 7
  shape {
    dim {
      dim_value: 3
    }
    dim {
      dim_value: 2
    }
  }
}
.
WARNING:root:Inference failed or unsupported type to quantize for tensor '/layers.10/self_attn/Slice_output_0', type is tensor_type {
  elem_type: 7
  shape {
    dim {
      dim_value: 4
    }
    dim {
      dim_value: 2
    }
  }
}
.
WARNING:root:Inference failed or unsupported type to quantize for tensor '/layers.10/conv/depthwise_conv/Slice_output_0', type is tensor_type {
  elem_type: 7
  shape {
    dim {
      dim_value: 3
    }
    dim {
      dim_value: 2
    }
  }
}
.
WARNING:root:Inference failed or unsupported type to quantize for tensor '/layers.11/self_attn/Slice_output_0', type is tensor_type {
  elem_type: 7
  shape {
    dim {
      dim_value: 4
    }
    dim {
      dim_value: 2
    }
  }
}
.
WARNING:root:Inference failed or unsupported type to quantize for tensor '/layers.11/conv/depthwise_conv/Slice_output_0', type is tensor_type {
  elem_type: 7
  shape {
    dim {
      dim_value: 3
    }
    dim {
      dim_value: 2
    }
  }
}
.
WARNING:root:Inference failed or unsupported type to quantize for tensor '/layers.12/self_attn/Slice_output_0', type is tensor_type {
  elem_type: 7
  shape {
    dim {
      dim_value: 4
    }
    dim {
      dim_value: 2
    }
  }
}
.
WARNING:root:Inference failed or unsupported type to quantize for tensor '/layers.12/conv/depthwise_conv/Slice_output_0', type is tensor_type {
  elem_type: 7
  shape {
    dim {
      dim_value: 3
    }
    dim {
      dim_value: 2
    }
  }
}
.
WARNING:root:Inference failed or unsupported type to quantize for tensor '/layers.13/self_attn/Slice_output_0', type is tensor_type {
  elem_type: 7
  shape {
    dim {
      dim_value: 4
    }
    dim {
      dim_value: 2
    }
  }
}
.
WARNING:root:Inference failed or unsupported type to quantize for tensor '/layers.13/conv/depthwise_conv/Slice_output_0', type is tensor_type {
  elem_type: 7
  shape {
    dim {
      dim_value: 3
    }
    dim {
      dim_value: 2
    }
  }
}
.
WARNING:root:Inference failed or unsupported type to quantize for tensor '/layers.14/self_attn/Slice_output_0', type is tensor_type {
  elem_type: 7
  shape {
    dim {
      dim_value: 4
    }
    dim {
      dim_value: 2
    }
  }
}
.
WARNING:root:Inference failed or unsupported type to quantize for tensor '/layers.14/conv/depthwise_conv/Slice_output_0', type is tensor_type {
  elem_type: 7
  shape {
    dim {
      dim_value: 3
    }
    dim {
      dim_value: 2
    }
  }
}
.
WARNING:root:Inference failed or unsupported type to quantize for tensor '/layers.15/self_attn/Slice_output_0', type is tensor_type {
  elem_type: 7
  shape {
    dim {
      dim_value: 4
    }
    dim {
      dim_value: 2
    }
  }
}
.
WARNING:root:Inference failed or unsupported type to quantize for tensor '/layers.15/conv/depthwise_conv/Slice_output_0', type is tensor_type {
  elem_type: 7
  shape {
    dim {
      dim_value: 3
    }
    dim {
      dim_value: 2
    }
  }
}
.
WARNING:root:Inference failed or unsupported type to quantize for tensor '/layers.16/self_attn/Slice_output_0', type is tensor_type {
  elem_type: 7
  shape {
    dim {
      dim_value: 4
    }
    dim {
      dim_value: 2
    }
  }
}
.
WARNING:root:Inference failed or unsupported type to quantize for tensor '/layers.16/conv/depthwise_conv/Slice_output_0', type is tensor_type {
  elem_type: 7
  shape {
    dim {
      dim_value: 3
    }
    dim {
      dim_value: 2
    }
  }
}
.
WARNING:root:Please consider to run pre-processing before quantization. Refer to example: https://github.com/microsoft/onnxruntime-inference-examples/blob/main/quantization/image_classification/cpu/ReadMe.md 
WARNING:root:Please consider to run pre-processing before quantization. Refer to example: https://github.com/microsoft/onnxruntime-inference-examples/blob/main/quantization/image_classification/cpu/ReadMe.md 
{'vocab_size': 1024, 'normalize_type': 'per_feature', 'pred_rnn_layers': 1, 'pred_hidden': 640, 'subsampling_factor': 8, 'model_type': 'EncDecHybridRNNTCTCBPEModel', 'version': '1', 'model_author': 'NeMo', 'url': 'https://huggingface.co/mohammed/fastconformer-quran-ar', 'comment': 'Only the transducer branch is exported', 'doc': 'quran live transcription'}
