OneLogger: Setting error_handling_strategy to DISABLE_QUIETLY_AND_REPORT_METRIC_ERROR for rank (rank=0) with OneLogger disabled. To override: explicitly set error_handling_strategy parameter.
No exporters were provided. This means that no telemetry data will be collected.
[NeMo I 2026-08-15 13:50:01 mixins:194] Tokenizer SentencePieceTokenizer initialized with 1024 tokens
[NeMo W 2026-08-15 13:50:02 modelPT:175] If you intend to do training or fine-tuning, please call the ModelPT.setup_training_data() method and provide a valid configuration file to setup the train data loader.
    Train config : 
    manifest_filepath: ./quran_asr/data/train_manifest.jsonl
    sample_rate: 16000
    batch_size: 6
    shuffle: true
    num_workers: 4
    pin_memory: true
    max_duration: 30.0
    min_duration: 0.5
    shuffle_n: 2048
    bucketing_strategy: fully_randomized
    bucketing_batch_size: null
    
[NeMo W 2026-08-15 13:50:02 modelPT:182] If you intend to do validation, please call the ModelPT.setup_validation_data() or ModelPT.setup_multiple_validation_data() method and provide a valid configuration file to setup the validation data loader(s). 
    Validation config : 
    manifest_filepath: ./quran_asr/data/val_manifest.jsonl
    sample_rate: 16000
    batch_size: 6
    shuffle: false
    use_start_end_token: false
    num_workers: 4
    pin_memory: true
    
[NeMo W 2026-08-15 13:50:02 modelPT:189] Please call the ModelPT.setup_test_data() or ModelPT.setup_multiple_test_data() method and provide a valid configuration file to setup the test data loader(s).
    Test config : 
    manifest_filepath: ./quran_asr/data/val_manifest.jsonl
    sample_rate: 16000
    batch_size: 16
    shuffle: false
    use_start_end_token: false
    num_workers: 8
    pin_memory: true
    
[NeMo W 2026-08-15 13:50:02 nemo_logging:364] /Users/luxbug/Work/tarteel/.venv/lib/python3.12/site-packages/torch/nn/modules/rnn.py:1011: UserWarning: dropout option adds dropout after all but last recurrent layer, so non-zero dropout expects num_layers greater than 1, but got dropout=0.2 and num_layers=1
      super().__init__("LSTM", *args, **kwargs)
    
[NeMo I 2026-08-15 13:50:02 rnnt_models:226] Using RNNT Loss : warprnnt_numba
    Loss warprnnt_numba_kwargs: {'fastemit_lambda': 0.0, 'clamp': -1.0}
[NeMo I 2026-08-15 13:50:02 rnnt_models:226] Using RNNT Loss : warprnnt_numba
    Loss warprnnt_numba_kwargs: {'fastemit_lambda': 0.0, 'clamp': -1.0}
[NeMo W 2026-08-15 13:50:02 label_looping_base:143] No conditional node support for Cuda.
    Cuda graphs with while loops are disabled, decoding speed will be slower
    Reason: CUDA is not available
[NeMo I 2026-08-15 13:50:02 rnnt_models:226] Using RNNT Loss : warprnnt_numba
    Loss warprnnt_numba_kwargs: {'fastemit_lambda': 0.0, 'clamp': -1.0}
[NeMo W 2026-08-15 13:50:02 label_looping_base:143] No conditional node support for Cuda.
    Cuda graphs with while loops are disabled, decoding speed will be slower
    Reason: CUDA is not available
[NeMo I 2026-08-15 13:50:03 save_restore_connector:287] Model EncDecHybridRNNTCTCBPEModel was successfully restored from /Users/luxbug/.cache/huggingface/hub/models--mohammed--fastconformer-quran-ar/snapshots/60973918b40c5fcdc0e93310c13a4a4661525142/phase3_full/phase3_full_wer0.0014.nemo.
[NeMo W 2026-08-15 13:50:03 dataloader:881] The following configuration keys are ignored by Lhotse dataloader: use_start_end_token
[NeMo W 2026-08-15 13:50:03 dataloader:533] You are using a non-tarred dataset and requested tokenization during data sampling (pretokenize=True). This will cause the tokenization to happen in the main (GPU) process,possibly impacting the training speed if your tokenizer is very large.If the impact is noticable, set pretokenize=False in dataloader config.(note: that will disable token-per-second filtering and 2D bucketing features)
Transcribing: 0it [00:00, ?it/s][NeMo W 2026-08-15 13:50:03 nemo_logging:364] /Users/luxbug/Work/tarteel/.venv/lib/python3.12/site-packages/torch/utils/data/dataloader.py:759: UserWarning: 'pin_memory' argument is set as true but not supported on MPS now, device pinned memory won't be used.
      super().__init__(loader)
    
Transcribing: 1it [00:01,  1.42s/it]Transcribing: 1it [00:01,  1.42s/it]
المغلِبَتِ الرُّومُ فِي أَدْنَى الْأَرْضِ وَهُمْ مِنْ بَعْدِ غَلَبِهِمْ سَيَغْلِبُونَ فِي بِضْعِ سِنِينَ لِلَّهِ الْأَمْرُ مِنْ قَبْلُ وَمِنْ بَعْدُ وَيَوْمَئِذٍ يَفْرَحُ الْمُؤْمِنُونَ بِنَصْرِ اللَّهِ يَنْصُرُ مَن يَشَاءُ وَهُوَ الْعَزِيزُ الرَّحِيمُ وَعْدَ اللَّهِ لَا يُخْلِفُ اللَّهُ وَعْدَهُ وَلَكِنَّ أَكْثَرَ النَّاسِ لَا يَعْلَمُونَ يَعْلَمُونَ ظَاهِرًا مِّنَ الْحَيَاةِ الدُّنْيَا وَهُمْ عَنِ الْآخِرَةِ هُمْ غَافِلُونَ أَوَلَمْ يَتَفَكَّرُوا فِي أَنْفُسِهِمْ مَا خَلَقَ اللَّهُ السَّمَاوَاتِ وَالْأَرْضَ وَمَا بَيْنَهُمَا إِلَّا بِالْحَقِّ وَأَجَلٍ مُسَمًّى وَإِنَّ كَثِيرًا مِنَ النَّاسِ بِلِقَاءِ رَبِّهِمْ لَكَافِرُونَ ثُمَّ كَانَ عَاقِبَةَ الَّذِينَ أَسَاءُوا السُّوأَى أَنْ كَذَّبُوا بِآيَاتِ اللَّهِ وَكَانُوا بِهَا يَسْتَهْزِئُونَ
