{'encoder': 'encoder.int8.onnx', 'decoder': 'decoder.int8.onnx', 'joiner': 'joiner.int8.onnx', 'tokens': 'tokens.txt', 'wav': 'test.wav'}
{'onnx.infer': 'onnxruntime.quant', 'vocab_size': '1024', 'pred_hidden': '640', 'normalize_type': 'per_feature', 'url': 'https://huggingface.co/mohammed/fastconformer-quran-ar', 'pred_rnn_layers': '1', 'subsampling_factor': '8', 'comment': 'Only the transducer branch is exported', 'model_type': 'EncDecHybridRNNTCTCBPEModel', 'model_author': 'NeMo', 'version': '1', 'doc': 'quran live transcription'}
==========Input==========
NodeArg(name='audio_signal', type='tensor(float)', shape=['audio_signal_dynamic_axes_1', 80, 'audio_signal_dynamic_axes_2'])
NodeArg(name='length', type='tensor(int64)', shape=['length_dynamic_axes_1'])
==========Output==========
NodeArg(name='outputs', type='tensor(float)', shape=['Transposeoutputs_dim_0', 512, 'Transposeoutputs_dim_2'])
NodeArg(name='encoded_lengths', type='tensor(int64)', shape=['length_dynamic_axes_1'])
==========Input==========
NodeArg(name='targets', type='tensor(int32)', shape=['targets_dynamic_axes_1', 'targets_dynamic_axes_2'])
NodeArg(name='target_length', type='tensor(int32)', shape=['target_length_dynamic_axes_1'])
NodeArg(name='states.1', type='tensor(float)', shape=[1, 'states.1_dim_1', 640])
NodeArg(name='onnx::LSTM_3', type='tensor(float)', shape=[1, 1, 640])
==========Output==========
NodeArg(name='outputs', type='tensor(float)', shape=['targets_dynamic_axes_1', 640, 'targets_dynamic_axes_2'])
NodeArg(name='prednet_lengths', type='tensor(int32)', shape=['target_length_dynamic_axes_1'])
NodeArg(name='states', type='tensor(float)', shape=[1, 'states_dynamic_axes_1', 640])
NodeArg(name='74', type='tensor(float)', shape=[1, 'states_dynamic_axes_1', 640])
==========Input==========
NodeArg(name='encoder_outputs', type='tensor(float)', shape=['encoder_outputs_dynamic_axes_1', 512, 'encoder_outputs_dynamic_axes_2'])
NodeArg(name='decoder_outputs', type='tensor(float)', shape=['decoder_outputs_dynamic_axes_1', 640, 'decoder_outputs_dynamic_axes_2'])
==========Output==========
NodeArg(name='outputs', type='tensor(float)', shape=['Addoutputs_dim_0', 'Addoutputs_dim_1', 'Addoutputs_dim_2', 1025])
(1337941,)
features.shape (8360, 80)
[31, 65, 23, 14, 27, 12, 16, 5, 27, 163, 202, 165, 23, 421, 24, 890, 8, 406, 916, 17, 56, 47, 27, 169, 640, 386, 34, 522, 15, 27, 164, 315, 12, 320, 331, 75, 16, 2, 16, 65, 816, 12, 481, 421, 292, 47, 56, 13, 27, 75, 27, 8, 655, 390, 445, 488, 916, 331, 17, 23, 386, 87, 849, 14, 23, 9, 820, 413, 34, 522, 15, 23, 169, 2, 16, 28, 659, 661, 58, 107, 270, 33, 704, 29, 23, 897, 132, 871, 8, 481, 292, 336, 45, 826, 1009, 22, 759, 45, 23, 17, 23, 25, 16, 8, 270, 43, 16, 51, 23, 9, 403, 28, 16, 996, 52, 27, 295, 23, 163, 80, 29, 172, 391, 9, 522, 404, 1009, 318, 6, 258, 55, 816, 33, 23, 1003, 9, 522, 15, 403, 9, 315, 4, 27, 447, 297, 4, 56, 71, 434, 809, 125, 27, 318, 6, 22, 522, 301, 7, 481, 22, 522, 301, 7, 481, 10, 94, 16, 6, 488, 17, 102, 25, 134, 336, 260, 29, 16, 2, 16, 6, 1, 27, 189, 202, 413, 2, 16, 6, 169, 640, 520, 8, 27, 260, 241, 55, 27, 17, 575, 10, 640, 164, 16, 118, 27, 14, 481, 297, 28, 315, 331, 270, 5, 932, 4, 80, 17, 462, 421, 831, 33, 23, 26, 320, 331, 652, 135, 315, 417, 1003, 97, 80, 461, 28, 16, 573, 860, 72, 690, 47, 16, 169, 461, 34, 310, 8, 403, 461, 761, 507, 292, 50, 56, 29, 16, 32, 134, 804, 38, 16, 14, 107, 339, 26, 16, 7, 62, 288, 67, 864, 447, 681, 71, 27, 103, 102, 25, 134, 336, 809, 125, 27, 292, 14, 27, 32, 941, 587, 12, 62, 320, 331, 57, 743, 118, 27, 17, 481, 376, 23, 7, 80, 857, 520, 230, 27, 12, 16, 1, 16, 1018, 336, 24, 825, 51, 462, 97, 202, 28, 72, 406, 831, 681, 58, 80, 12, 462, 292, 241, 2, 16, 573, 1009, 9, 743, 68, 462, 292, 345, 270, 26, 463, 3, 56, 52, 27, 99, 481]
test.wav
المغُلِبَتِ الرُّومُ فِي أَدْنَى الْأَرْضِ وَهُمْ مِنْ بَعْدِ غَلَبِهِمْ سَيَغْلِبُونَ فِي بِضْعِ سِنِينَ لِلَّهِ الْأَمْرُ مِنْ قَبْلُ وَمِنْ بَعْدُ وَيَوْمَئِذٍ يَفْرَحُ الْمُؤْمِنُونَ بِنَصْرِ اللَّهِ يَنْصُرُ مَن يَشَاءُ وَهُوَ الْعَزِيزُ الرَّحِيمُ وَعْدَ اللَّهِ لَا يُخْلِفُ اللَّهُ وَعْدَهُ وَلَكِنَّ أَكْثَرَ النَّاسِ لَا يَعْلَمُونَ يَعْلَمُونَ ظَاهِرًا مِّنَ الْحَيَاةِ الدُّنْيَا وَهُمْ عَنِ الْآخِرَةِ هُمْ غَافِلُونَ أَوَلَمْ يَتَفَكَّرُوا فِي أَنْفُسِهِمْ مَا خَلَقَ اللَّهُ السَّمَاوَاتِ وَالْأَرْضَ وَمَا بَيْنَهُمَا إِلَّا بِالْحَقِّ وَأَجَلٍ مُسَمًّى وَإِنَّ كَثِيرًا مِّنَ النَّاسِ بِلِقَاءِ رَبِّهِمْ لَكَافِرُونَ ثُمَّ كَانَ عَاقِبَةَ الَّذِينَ أَسَاءُوا السُّوأَى أَنْ كَذَّبُوا بِآيَاتِ اللَّهِ وَكَانُوا بِهَا يَسْتَهْزِئُونَ
